******************************************************************************
                  MSP430 Linker PC v4.4.5                      
******************************************************************************
>> Linked Mon Jan 25 20:44:48 2016

OUTPUT FILE NAME:   <MenuTest02.out>
ENTRY POINT SYMBOL: "_c_int00_noargs_noexit"  address: 0000c990


MEMORY CONFIGURATION

         name            origin    length      used     unused   attr    fill
----------------------  --------  ---------  --------  --------  ----  --------
  SFR                   00000000   00000010  00000000  00000010  RWIX
  PERIPHERALS_8BIT      00000010   000000f0  00000000  000000f0  RWIX
  PERIPHERALS_16BIT     00000100   00000100  00000000  00000100  RWIX
  RAM                   00000200   00000200  000000ce  00000132  RWIX
  INFOD                 00001000   00000040  00000000  00000040  RWIX
  INFOC                 00001040   00000040  00000000  00000040  RWIX
  INFOB                 00001080   00000040  00000000  00000040  RWIX
  INFOA                 000010c0   00000040  00000000  00000040  RWIX
  FLASH                 0000c000   00003fde  00000c9e  00003340  RWIX
  BSLSIGNATURE          0000ffde   00000002  00000002  00000000  RWIX  ffff 
  INT00                 0000ffe0   00000002  00000002  00000000  RWIX
  INT01                 0000ffe2   00000002  00000000  00000002  RWIX
  INT02                 0000ffe4   00000002  00000002  00000000  RWIX
  INT03                 0000ffe6   00000002  00000002  00000000  RWIX
  INT04                 0000ffe8   00000002  00000000  00000002  RWIX
  INT05                 0000ffea   00000002  00000002  00000000  RWIX
  INT06                 0000ffec   00000002  00000002  00000000  RWIX
  INT07                 0000ffee   00000002  00000002  00000000  RWIX
  INT08                 0000fff0   00000002  00000002  00000000  RWIX
  INT09                 0000fff2   00000002  00000002  00000000  RWIX
  INT10                 0000fff4   00000002  00000002  00000000  RWIX
  INT11                 0000fff6   00000002  00000002  00000000  RWIX
  INT12                 0000fff8   00000002  00000002  00000000  RWIX
  INT13                 0000fffa   00000002  00000002  00000000  RWIX
  INT14                 0000fffc   00000002  00000002  00000000  RWIX
  RESET                 0000fffe   00000002  00000002  00000000  RWIX


SECTION ALLOCATION MAP

 output                                  attributes/
section   page    origin      length       input sections
--------  ----  ----------  ----------   ----------------
.bss       0    00000200    00000064     UNINITIALIZED
                  00000200    00000050     (.common:_timer)
                  00000250    0000000a     (.common:_rb)
                  0000025a    00000008     (.common:_rbmem)
                  00000262    00000002     (.common:_rbd)

.data      0    00000264    0000001a     UNINITIALIZED
                  00000264    00000008     timer.obj (.data)
                  0000026c    00000006     menu.obj (.data)
                  00000272    00000005     menu.obj (.data:option$2)
                  00000277    00000001     --HOLE--
                  00000278    00000004     main.obj (.data)
                  0000027c    00000002     ring_buffer.obj (.data)

.TI.persistent 
*          0    00000264    00000000     UNINITIALIZED

.stack     0    000003b0    00000050     UNINITIALIZED
                  000003b0    00000002     rts430_eabi.lib : boot.obj (.stack)
                  000003b2    0000004e     --HOLE--

.text      0    0000c000    00000b04     
                  0000c000    000000fa     main.obj (.text:stopwatch)
                  0000c0fa    000000a4     timer.obj (.text:timer_create)
                  0000c19e    000000a0     uart.obj (.text:uart_init)
                  0000c23e    0000009c     timer.obj (.text:timer1_isr)
                  0000c2da    0000009a     ring_buffer.obj (.text:ring_buffer_get)
                  0000c374    0000009a     ring_buffer.obj (.text:ring_buffer_put)
                  0000c40e    00000098     menu.obj (.text:menu_run)
                  0000c4a6    00000094     ring_buffer.obj (.text:ring_buffer_init)
                  0000c53a    00000088     board.obj (.text:board_init)
                  0000c5c2    00000082     main.obj (.text:main)
                  0000c644    00000074     timer.obj (.text:timer_capture)
                  0000c6b8    00000064     rts430_eabi.lib : copy_decompress_rle.obj (.text:__TI_decompress_rle_core)
                  0000c71c    00000058                     : autoinit.obj (.text:_auto_init)
                  0000c774    00000058                     : div32u.obj (.text)
                  0000c7cc    00000054     menu.obj (.text:menu_read_uint)
                  0000c820    0000004c     menu.obj (.text:display_menu)
                  0000c86c    00000034     uart.obj (.text:rx_isr)
                  0000c8a0    00000034     uart.obj (.text:uart_puts)
                  0000c8d4    0000002a     main.obj (.text:set_blink_freq)
                  0000c8fe    0000002a     timer.obj (.text:timer_init)
                  0000c928    00000026     rts430_eabi.lib : mult32.obj (.text)
                  0000c94e    00000022     uart.obj (.text:uart_getchar)
                  0000c970    00000020     timer.obj (.text:timer_delete)
                  0000c990    0000001a     rts430_eabi.lib : boot_special.obj (.text:_c_int00_noargs_noexit)
                  0000c9aa    00000018     menu.obj (.text:menu_init)
                  0000c9c2    00000018     timer.obj (.text:timer1_taiv_isr)
                  0000c9da    00000016     ring_buffer.obj (.text:_ring_buffer_full)
                  0000c9f0    00000016     rts430_eabi.lib : div16u.obj (.text)
                  0000ca06    00000014     tlv.obj (.text:_calculate_checksum)
                  0000ca1a    00000014     rts430_eabi.lib : copy_zero_init.obj (.text:decompress:ZI:__TI_zero_init)
                  0000ca2e    00000014                     : memset.obj (.text:memset)
                  0000ca42    00000014                     : mult16.obj (.text)
                  0000ca56    00000012                     : copy_decompress_none.obj (.text:decompress:none:__TI_decompress_none)
                  0000ca68    00000012                     : memcpy.obj (.text:memcpy)
                  0000ca7a    00000012     tlv.obj (.text:tlv_verify)
                  0000ca8c    00000010     ring_buffer.obj (.text:_ring_buffer_empty)
                  0000ca9c    00000010     main.obj (.text:port1_isr)
                  0000caac    00000010     rts430_eabi.lib : epilog.obj (.text)
                  0000cabc    00000010     watchdog.obj (.text:watchdog_enable)
                  0000cacc    0000000e     uart.obj (.text:uart_putchar)
                  0000cada    00000008     watchdog.obj (.text:watchdog_disable)
                  0000cae2    00000008     watchdog.obj (.text:watchdog_pet)
                  0000caea    00000006     rts430_eabi.lib : isr_trap.obj (.text:_isr:__TI_ISR_TRAP)
                  0000caf0    00000006     main.obj (.text:blink_led)
                  0000caf6    00000006     rts430_eabi.lib : copy_decompress_rle.obj (.text:decompress:rle24:__TI_decompress_rle24)
                  0000cafc    00000004                     : pre_init.obj (.text:_system_pre_init)
                  0000cb00    00000004                     : exit.obj (.text:abort)

.const     0    0000cb04    00000178     
                  0000cb04    00000122     main.obj (.const:.string)
                  0000cc26    00000034     menu.obj (.const:.string)
                  0000cc5a    0000000a     main.obj (.const:.string:$P$T0$1)
                  0000cc64    0000000a     uart.obj (.const:_baud_tbl)
                  0000cc6e    00000008     main.obj (.const:main_menu)
                  0000cc76    00000006     uart.obj (.const)

.cinit     0    0000cc7c    00000022     
                  0000cc7c    00000010     (.cinit..data.load) [load image, compression = rle]
                  0000cc8c    00000006     (__TI_handler_table)
                  0000cc92    00000004     (.cinit..bss.load) [load image, compression = zero_init]
                  0000cc96    00000008     (__TI_cinit_table)

.init_array 
*          0    0000c000    00000000     UNINITIALIZED

TRAPINT    0    0000ffe0    00000002     
                  0000ffe0    00000002     rts430_eabi.lib : int00.obj (.int00)

$fill000   0    0000ffde    00000002     
                  0000ffde    00000002     --HOLE-- [fill = ffff]

PORT1      0    0000ffe4    00000002     
                  0000ffe4    00000002     main.obj (.int02)

PORT2      0    0000ffe6    00000002     
                  0000ffe6    00000002     rts430_eabi.lib : int03.obj (.int03)

ADC10      0    0000ffea    00000002     
                  0000ffea    00000002     rts430_eabi.lib : int05.obj (.int05)

USCIAB0TX 
*          0    0000ffec    00000002     
                  0000ffec    00000002     rts430_eabi.lib : int06.obj (.int06)

USCIAB0RX 
*          0    0000ffee    00000002     
                  0000ffee    00000002     uart.obj (.int07)

TIMER0_A1 
*          0    0000fff0    00000002     
                  0000fff0    00000002     rts430_eabi.lib : int08.obj (.int08)

TIMER0_A0 
*          0    0000fff2    00000002     
                  0000fff2    00000002     rts430_eabi.lib : int09.obj (.int09)

WDT        0    0000fff4    00000002     
                  0000fff4    00000002     rts430_eabi.lib : int10.obj (.int10)

COMPARATORA 
*          0    0000fff6    00000002     
                  0000fff6    00000002     rts430_eabi.lib : int11.obj (.int11)

TIMER1_A1 
*          0    0000fff8    00000002     
                  0000fff8    00000002     timer.obj (.int12)

TIMER1_A0 
*          0    0000fffa    00000002     
                  0000fffa    00000002     timer.obj (.int13)

NMI        0    0000fffc    00000002     
                  0000fffc    00000002     rts430_eabi.lib : int14.obj (.int14)

.reset     0    0000fffe    00000002     
                  0000fffe    00000002     rts430_eabi.lib : boot.obj (.reset)


LINKER GENERATED COPY TABLES

__TI_cinit_table @ 0000cc96 records: 2, size/record: 4, table size: 8
	.data: load addr=0000cc7c, load size=00000010 bytes, run addr=00000264, run size=0000001a bytes, compression=rle
	.bss: load addr=0000cc92, load size=00000004 bytes, run addr=00000200, run size=00000064 bytes, compression=zero_init


LINKER GENERATED HANDLER TABLE

__TI_handler_table @ 0000cc8c records: 3, size/record: 2, table size: 6
	index: 0, handler: __TI_zero_init
	index: 1, handler: __TI_decompress_rle24
	index: 2, handler: __TI_decompress_none


GLOBAL SYMBOLS: SORTED ALPHABETICALLY BY Name 

address   name                    
-------   ----                    
0000004a  ADC10AE0                
000001b0  ADC10CTL0               
000001b2  ADC10CTL1               
00000048  ADC10DTC0               
00000049  ADC10DTC1               
000001b4  ADC10MEM                
000001bc  ADC10SA                 
00000057  BCSCTL1                 
00000058  BCSCTL2                 
00000053  BCSCTL3                 
0000cb00  C$$EXIT                 
00000059  CACTL1                  
0000005a  CACTL2                  
000010fb  CALBC1_12MHZ            
000010f9  CALBC1_16MHZ            
000010ff  CALBC1_1MHZ             
000010fd  CALBC1_8MHZ             
000010fa  CALDCO_12MHZ            
000010f8  CALDCO_16MHZ            
000010fe  CALDCO_1MHZ             
000010fc  CALDCO_8MHZ             
0000005b  CAPD                    
00000056  DCOCTL                  
00000128  FCTL1                   
0000012a  FCTL2                   
0000012c  FCTL3                   
00000000  IE1                     
00000001  IE2                     
00000002  IFG1                    
00000003  IFG2                    
00000022  P1DIR                   
00000025  P1IE                    
00000024  P1IES                   
00000023  P1IFG                   
00000020  P1IN                    
00000021  P1OUT                   
00000027  P1REN                   
00000026  P1SEL                   
00000041  P1SEL2                  
0000002a  P2DIR                   
0000002d  P2IE                    
0000002c  P2IES                   
0000002b  P2IFG                   
00000028  P2IN                    
00000029  P2OUT                   
0000002f  P2REN                   
0000002e  P2SEL                   
00000042  P2SEL2                  
0000001a  P3DIR                   
00000018  P3IN                    
00000019  P3OUT                   
00000010  P3REN                   
0000001b  P3SEL                   
00000043  P3SEL2                  
00000172  TA0CCR0                 
00000174  TA0CCR1                 
00000176  TA0CCR2                 
00000162  TA0CCTL0                
00000164  TA0CCTL1                
00000166  TA0CCTL2                
00000160  TA0CTL                  
0000012e  TA0IV                   
00000170  TA0R                    
00000192  TA1CCR0                 
00000194  TA1CCR1                 
00000196  TA1CCR2                 
00000182  TA1CCTL0                
00000184  TA1CCTL1                
00000186  TA1CCTL2                
00000180  TA1CTL                  
0000011e  TA1IV                   
00000190  TA1R                    
000010db  TLV_ADC10_1_LEN         
000010da  TLV_ADC10_1_TAG         
000010c0  TLV_CHECKSUM            
000010f7  TLV_DCO_30_LEN          
000010f6  TLV_DCO_30_TAG          
0000005d  UCA0ABCTL               
00000062  UCA0BR0                 
00000063  UCA0BR1                 
00000060  UCA0CTL0                
00000061  UCA0CTL1                
0000005f  UCA0IRRCTL              
0000005e  UCA0IRTCTL              
00000064  UCA0MCTL                
00000066  UCA0RXBUF               
00000065  UCA0STAT                
00000067  UCA0TXBUF               
0000006a  UCB0BR0                 
0000006b  UCB0BR1                 
00000068  UCB0CTL0                
00000069  UCB0CTL1                
0000006c  UCB0I2CIE               
00000118  UCB0I2COA               
0000011a  UCB0I2CSA               
0000006e  UCB0RXBUF               
0000006d  UCB0STAT                
0000006f  UCB0TXBUF               
00000120  WDTCTL                  
00000400  __STACK_END             
00000050  __STACK_SIZE            
0000cc96  __TI_CINIT_Base         
0000cc9e  __TI_CINIT_Limit        
0000cc8c  __TI_Handler_Table_Base 
0000cc92  __TI_Handler_Table_Limit
UNDEFED   __TI_INITARRAY_Base     
UNDEFED   __TI_INITARRAY_Limit    
0000caea  __TI_ISR_TRAP           
0000ca56  __TI_decompress_none    
0000caf6  __TI_decompress_rle24   
0000ffe0  __TI_int00              
0000ffe4  __TI_int02              
0000ffe6  __TI_int03              
0000ffea  __TI_int05              
0000ffec  __TI_int06              
0000ffee  __TI_int07              
0000fff0  __TI_int08              
0000fff2  __TI_int09              
0000fff4  __TI_int10              
0000fff6  __TI_int11              
0000fff8  __TI_int12              
0000fffa  __TI_int13              
0000fffc  __TI_int14              
0000ca1a  __TI_zero_init          
ffffffff  __binit__               
ffffffff  __c_args__              
0000c9f0  __mspabi_divu           
0000c774  __mspabi_divul          
0000cab8  __mspabi_func_epilog_1  
0000cab6  __mspabi_func_epilog_2  
0000cab4  __mspabi_func_epilog_3  
0000cab2  __mspabi_func_epilog_4  
0000cab0  __mspabi_func_epilog_5  
0000caae  __mspabi_func_epilog_6  
0000caac  __mspabi_func_epilog_7  
0000ca42  __mspabi_mpyi           
0000ca42  __mspabi_mpyi_sw        
0000c928  __mspabi_mpyl           
0000c928  __mspabi_mpyl_sw        
0000c9f0  __mspabi_remu           
0000c774  __mspabi_remul          
0000c71c  _auto_init              
0000c990  _c_int00_noargs_noexit  
0000fffe  _reset_vector           
000003b0  _stack                  
0000cafc  _system_pre_init        
0000cb00  abort                   
ffffffff  binit                   
0000c53a  board_init              
0000c5c2  main                    
0000ca68  memcpy                  
0000ca2e  memset                  
0000c9aa  menu_init               
0000c7cc  menu_read_uint          
0000c40e  menu_run                
0000ca9c  port1_isr               
0000c2da  ring_buffer_get         
0000c4a6  ring_buffer_init        
0000c374  ring_buffer_put         
0000c86c  rx_isr                  
0000c23e  timer1_isr              
0000c9c2  timer1_taiv_isr         
0000c644  timer_capture           
0000c0fa  timer_create            
0000c970  timer_delete            
0000c8fe  timer_init              
0000ca7a  tlv_verify              
0000c94e  uart_getchar            
0000c19e  uart_init               
0000cacc  uart_putchar            
0000c8a0  uart_puts               
0000cada  watchdog_disable        
0000cabc  watchdog_enable         
0000cae2  watchdog_pet            


GLOBAL SYMBOLS: SORTED BY Symbol Address 

address   name                    
-------   ----                    
00000000  IE1                     
00000001  IE2                     
00000002  IFG1                    
00000003  IFG2                    
00000010  P3REN                   
00000018  P3IN                    
00000019  P3OUT                   
0000001a  P3DIR                   
0000001b  P3SEL                   
00000020  P1IN                    
00000021  P1OUT                   
00000022  P1DIR                   
00000023  P1IFG                   
00000024  P1IES                   
00000025  P1IE                    
00000026  P1SEL                   
00000027  P1REN                   
00000028  P2IN                    
00000029  P2OUT                   
0000002a  P2DIR                   
0000002b  P2IFG                   
0000002c  P2IES                   
0000002d  P2IE                    
0000002e  P2SEL                   
0000002f  P2REN                   
00000041  P1SEL2                  
00000042  P2SEL2                  
00000043  P3SEL2                  
00000048  ADC10DTC0               
00000049  ADC10DTC1               
0000004a  ADC10AE0                
00000050  __STACK_SIZE            
00000053  BCSCTL3                 
00000056  DCOCTL                  
00000057  BCSCTL1                 
00000058  BCSCTL2                 
00000059  CACTL1                  
0000005a  CACTL2                  
0000005b  CAPD                    
0000005d  UCA0ABCTL               
0000005e  UCA0IRTCTL              
0000005f  UCA0IRRCTL              
00000060  UCA0CTL0                
00000061  UCA0CTL1                
00000062  UCA0BR0                 
00000063  UCA0BR1                 
00000064  UCA0MCTL                
00000065  UCA0STAT                
00000066  UCA0RXBUF               
00000067  UCA0TXBUF               
00000068  UCB0CTL0                
00000069  UCB0CTL1                
0000006a  UCB0BR0                 
0000006b  UCB0BR1                 
0000006c  UCB0I2CIE               
0000006d  UCB0STAT                
0000006e  UCB0RXBUF               
0000006f  UCB0TXBUF               
00000118  UCB0I2COA               
0000011a  UCB0I2CSA               
0000011e  TA1IV                   
00000120  WDTCTL                  
00000128  FCTL1                   
0000012a  FCTL2                   
0000012c  FCTL3                   
0000012e  TA0IV                   
00000160  TA0CTL                  
00000162  TA0CCTL0                
00000164  TA0CCTL1                
00000166  TA0CCTL2                
00000170  TA0R                    
00000172  TA0CCR0                 
00000174  TA0CCR1                 
00000176  TA0CCR2                 
00000180  TA1CTL                  
00000182  TA1CCTL0                
00000184  TA1CCTL1                
00000186  TA1CCTL2                
00000190  TA1R                    
00000192  TA1CCR0                 
00000194  TA1CCR1                 
00000196  TA1CCR2                 
000001b0  ADC10CTL0               
000001b2  ADC10CTL1               
000001b4  ADC10MEM                
000001bc  ADC10SA                 
000003b0  _stack                  
00000400  __STACK_END             
000010c0  TLV_CHECKSUM            
000010da  TLV_ADC10_1_TAG         
000010db  TLV_ADC10_1_LEN         
000010f6  TLV_DCO_30_TAG          
000010f7  TLV_DCO_30_LEN          
000010f8  CALDCO_16MHZ            
000010f9  CALBC1_16MHZ            
000010fa  CALDCO_12MHZ            
000010fb  CALBC1_12MHZ            
000010fc  CALDCO_8MHZ             
000010fd  CALBC1_8MHZ             
000010fe  CALDCO_1MHZ             
000010ff  CALBC1_1MHZ             
0000c0fa  timer_create            
0000c19e  uart_init               
0000c23e  timer1_isr              
0000c2da  ring_buffer_get         
0000c374  ring_buffer_put         
0000c40e  menu_run                
0000c4a6  ring_buffer_init        
0000c53a  board_init              
0000c5c2  main                    
0000c644  timer_capture           
0000c71c  _auto_init              
0000c774  __mspabi_divul          
0000c774  __mspabi_remul          
0000c7cc  menu_read_uint          
0000c86c  rx_isr                  
0000c8a0  uart_puts               
0000c8fe  timer_init              
0000c928  __mspabi_mpyl           
0000c928  __mspabi_mpyl_sw        
0000c94e  uart_getchar            
0000c970  timer_delete            
0000c990  _c_int00_noargs_noexit  
0000c9aa  menu_init               
0000c9c2  timer1_taiv_isr         
0000c9f0  __mspabi_divu           
0000c9f0  __mspabi_remu           
0000ca1a  __TI_zero_init          
0000ca2e  memset                  
0000ca42  __mspabi_mpyi           
0000ca42  __mspabi_mpyi_sw        
0000ca56  __TI_decompress_none    
0000ca68  memcpy                  
0000ca7a  tlv_verify              
0000ca9c  port1_isr               
0000caac  __mspabi_func_epilog_7  
0000caae  __mspabi_func_epilog_6  
0000cab0  __mspabi_func_epilog_5  
0000cab2  __mspabi_func_epilog_4  
0000cab4  __mspabi_func_epilog_3  
0000cab6  __mspabi_func_epilog_2  
0000cab8  __mspabi_func_epilog_1  
0000cabc  watchdog_enable         
0000cacc  uart_putchar            
0000cada  watchdog_disable        
0000cae2  watchdog_pet            
0000caea  __TI_ISR_TRAP           
0000caf6  __TI_decompress_rle24   
0000cafc  _system_pre_init        
0000cb00  C$$EXIT                 
0000cb00  abort                   
0000cc8c  __TI_Handler_Table_Base 
0000cc92  __TI_Handler_Table_Limit
0000cc96  __TI_CINIT_Base         
0000cc9e  __TI_CINIT_Limit        
0000ffe0  __TI_int00              
0000ffe4  __TI_int02              
0000ffe6  __TI_int03              
0000ffea  __TI_int05              
0000ffec  __TI_int06              
0000ffee  __TI_int07              
0000fff0  __TI_int08              
0000fff2  __TI_int09              
0000fff4  __TI_int10              
0000fff6  __TI_int11              
0000fff8  __TI_int12              
0000fffa  __TI_int13              
0000fffc  __TI_int14              
0000fffe  _reset_vector           
ffffffff  __binit__               
ffffffff  __c_args__              
ffffffff  binit                   
UNDEFED   __TI_INITARRAY_Base     
UNDEFED   __TI_INITARRAY_Limit    

[174 symbols]
